// Jest Snapshot v1, https://goo.gl/fbAQLP

exports[`Colecci√≥n de test en logIn Should render in logIn 1`] = `
" 
    <div class=\\"homeContainer\\">
    <section class=\\"container logIn-form\\">
    <img class=\\"logo\\" src=\\"img/PIC&amp;ART.png\\" alt=\\"logo\\">
    <form id=\\"logInForm\\">
        <br><label class=\\"title\\" value=\\"email\\">E-mail</label>
        <input id=\\"logInEmail\\" type=\\"text\\" placeholder=\\"e-mail\\" required=\\"\\"><br>
        <br><label class=\\"title\\" value=\\"password\\">Password</label>
        <input id=\\"logInPassword\\" type=\\"password\\" placeholder=\\"Password\\" required=\\"\\">
        <input src=\\"../img/eye.png\\" id=\\"viewPass\\" type=\\"image\\">
        <br>
        <br><input type=\\"submit\\" class=\\"btn_log login\\" id=\\"btnLogIn\\" value=\\"LOG IN\\"><br>
        <p class=\\"error\\"></p>
        <br>
    </form>
    <a href=\\"javascript:history.back();\\"> <img class=\\"return\\" src=\\"img/return-logo.png\\" alt=\\"logo\\"> Back </a>
    
</section>
</div>"
`;
